
== the cluster, provisioned by templates/compose/postgres/initdb/10-cluster.sh ==
     [cluster] provisioning alpha
     [cluster] alpha: CREATE EXTENSION IF NOT EXISTS vector
     [cluster] provisioning beta
     [cluster] beta: CREATE EXTENSION IF NOT EXISTS vector
     [cluster] done: 2 service database(s), an owner and a non-owner login role each, PUBLIC holds CONNECT on none of them

== assertion 0: the topology the templates require is present
   topology: 2 databases, 2 owner roles, 2 non-owner LOGIN roles, membership in one direction only

== applying templates/database/tenancy/substrate.sql, as the OWNER role
   installed: schema cafaye, current_account_id/0, begin_account/1, protect_table/2, unprotected_tables/0

== assertion 0b: an adopter's fixture schema is present, and out of the sweep's scope
   2 unprotected account-scoped tables in kit_neighbour_fixture, and the sweep names neither.
   identity's whole-suite failure was exactly this, with the count moving per run.

== assertion 1: every assertion in templates/database/tenancy/isolation.sql passes
   39 assertions, all pass

== assertion 4: the proof returns EXACTLY the assertions assertions.txt names
   39 assertions, named identically in both files

== assertion 2: the CONTROL — same proof, FORCE ROW LEVEL SECURITY removed
   without FORCE: 11 assertion(s) red, every one of them an owner/ or sweep/ assertion
   with FORCE:    0 red
   the login-role half stayed green throughout, which is what makes this specific:
   an isolation suite written only against the application role passes on a
   template with no FORCE at all.

== assertion 5: the sweep still names an unprotected table in a schema the substrate OWNS
   one unprotected account-scoped table in the substrate's own schema, and the sweep
   named it: sweep/every-account-scoped-table-is-protected and
   sweep/the-only-finding-is-the-control both went red. The scope is narrow enough for
   an adopter (assertion 0b) and still able to fail (this).

== assertion 3: the (select ...) wrapping, measured
   five rows, one query, identity function invocations:
     (select …) wrapped:  1
     bare call:           5
   the same policy and the same rows; only the wrapping differs.

== assertion 6: templates/database/tenancy/advisor.sql, against this cluster
   installed: cafaye.advisor_findings(p_schemas text[])
   scope, read back from the policies protect_table wrote: public, cafaye
   zero ERROR and zero WARN findings against account_users and api_keys.
   api_keys carries FIVE policies (4 from protect_table, 1 from
   protect_credential_table), so (api_keys, alpha, SELECT) holds two permissive
   policies and multiple_permissive_policies was asked about it directly.
   It stayed silent because the group is all substrate-written — which is the
   rule's own exemption semantics.

== assertion 6b: the multiple_permissive_policies exemption does not absorb a hand-written policy
   one hand-written permissive SELECT added to api_keys, and the rule fired:
     Table public.api_keys has 3 permissive policies for role alpha for command SELECT. All of them: api_keys_cafaye_resolve, api_keys_cafaye_select, hand_written_extra. Not written by the substrate: hand_written_extra.
Table public.api_keys has 3 permissive policies for role alpha_app for command SELECT. All of them: api_keys_cafaye_resolve, api_keys_cafaye_select, hand_written_extra. Not written by the substrate: hand_written_extra.
   the substrate's own five policies were NOT the complaint, and the exemption
   that let them coexist is still letting exactly them coexist.
   policy dropped, and the advisor is clean again: 0 ERROR, 0 WARN.

== assertion 7: every rule, on a fixture built to trip it
   the unreachable view is built by the cluster admin, not by alpha: measured,
   a LOGIN owner is reachable by ownership alone and a NOLOGIN one is
   reachable by membership, and the rule was right about both.
   policy_exists_rls_disabled -> policies_without_rls
   rls_disabled_in_public -> reachable_no_rls
   rls_policy_always_true -> always_true
   rls_references_user_metadata -> admin_only
   rls_references_user_metadata -> direct_policy
   rls_references_user_metadata -> helper_routed
   multiple_permissive_policies -> always_true
   login_role_security_definer_executable -> escalate
   auth_rls_initplan -> bare_call
   rls_policy_correlated_membership -> correlated_membership
   rls_enabled_no_policy -> silent
   security_definer_view -> definer_view
   security_definer_view -> nested_definer_view
   10 rules, 13 fixtures, every rule naming itself and the object it fired on.
   scoped to kit_advisor_fixture alone, so each one is proven specific and not
   satisfied by whichever other rule happened to return a row.
   helper_routed -> via_functions may_read_admin on the SAME table
   direct_policy -> via_functions '(empty, the control)' on the SAME table
   helper_opaque -> silent, and that is the rule's measured limit: the catalog
      does not carry a string body, so no rule reads one. See the
      "what this does not find" block in advisor.sql and REPORT-kit-advisor-pgproc-01.md.
   invoker_view -> silent, as required.
   plain_reads -> silent, as required.
   definer_no_grant -> silent, as required.
   over_invoker_view -> silent, as required.
   on_spelled_invoker -> silent, as required.
   over_on_spelled_invoker -> silent, as required.
   six views, six reasons, all silent: the rule reads whether the view is an
   invoker, whether anything it reaches has policies, and whether a caller can
   reach it -- rather than counting views.
   the last two are the same view with the option spelled `on` rather than
   `true`. Postgres stores reloptions verbatim and core's own fixture writes
   `on`, so a rule matching only one spelling would pass this suite while
   missing the fleet's idiom.
   kit_advisor_fixture dropped, asserted gone.

== assertion 8: the credential audit reports the same tables to every role
   as alpha (owner, "$user" schema does not exist):
     policy reads   : (token_digest = ( SELECT cafaye.current_credential_digest() AS current_credential_digest))
     the audit says : public.api_keys -> token_digest
   as cafaye (cluster admin, "$user" schema IS cafaye):
     policy reads   : (token_digest = ( SELECT current_credential_digest() AS current_credential_digest))
     the audit says : public.api_keys -> token_digest
   as alpha_app (non-owner LOGIN, owns nothing):
     the audit says : public.api_keys -> token_digest
   three roles, one answer — the audit no longer depends on who is reading.
   and it is not the empty answer: the admin role's answer is asserted
   NON-EMPTY, because three roles agreeing on nothing proves only that the
   audit has stopped working.
   control: the trap is LIVE on this cluster — one policy, two renderings, and
     as cafaye: (token_digest = ( SELECT current_credential_digest() AS current_credential_digest))     (qualified=0)
     as alpha: (token_digest = ( SELECT cafaye.current_credential_digest() AS current_credential_digest))   (qualified=1)
   and the audit above is identical for both anyway. That is the whole
   assertion: the function no longer reads the text that differs.

PASS: kit's account boundary is enforced by Postgres, and the enforcement is
      proven able to fail.
      39 assertions, every one passing, named identically in assertions.txt.
      FORCE ROW LEVEL SECURITY removed: 11 red, all of them owner/ or sweep/.
      identity function calls over five rows: 1 wrapped, 5 bare.
      an adopter's fixture schema present: 0 of 2 of its tables named.
      an unprotected table in the substrate's own schema: named, proof red.
      the database's own advisor on the substrate's own two tables: 0 ERROR, 0 WARN.
      a hand-written permissive policy on api_keys: the exemption released it.
      all 10 rules, each fired on a fixture built to trip it, each naming its object.
      security_definer_view's 6 negatives: silent, for 6 different reasons.
      the credential audit, read as three roles: one answer, and not an empty one.
