
== the cluster, provisioned by templates/compose/postgres/initdb/10-cluster.sh ==
     [cluster] provisioning alpha
     [cluster] alpha: CREATE EXTENSION IF NOT EXISTS vector
     [cluster] provisioning beta
     [cluster] beta: CREATE EXTENSION IF NOT EXISTS vector
     [cluster] done: 2 service database(s), an owner and a non-owner login role each, PUBLIC holds CONNECT on none of them
   topology: 2 databases, 2 owner roles with a per-role connection limit,
             2 non-owner LOGIN roles, membership in one direction only
   pgvector: a real similarity query answers in both databases

== assertion 1: alpha reaches its OWN database ==
   alpha wrote 1 row into its own database

== assertion 2: alpha must NOT read beta's database ==
   $ psql -U alpha -d beta -c "SELECT * FROM deliveries;"
   psql: error: connection to server on socket "/var/run/postgresql/.s.PGSQL.5432" failed: FATAL:  permission denied for database "beta"
   DETAIL:  User does not have CONNECT privilege.
   psql exit: 2
   REFUSED at the door: permission denied for database "beta"

== assertion 3: beta must NOT read alpha's database either ==
   psql: error: connection to server on socket "/var/run/postgresql/.s.PGSQL.5432" failed: FATAL:  permission denied for database "alpha"
   DETAIL:  User does not have CONNECT privilege.
   REFUSED at the door: permission denied for database "alpha"

   PUBLIC holds CONNECT on no database in the cluster (including 'postgres')

== assertion 4: the CONTROL — same shape, REVOKE removed ==
   $ psql -U alpha -d beta -c 'SELECT current_database()'   (no REVOKE applied)
   beta
   psql exit: 0
   the control cluster let alpha INTO beta's database — so assertion 2 is load-bearing,
   and the difference between the two clusters is the REVOKE, not the table grants.

PASS: one cluster, one database and one role per service, and the database is the boundary.
      alpha -> beta refused: permission denied for database "beta" (exit 2)
      beta -> alpha refused: permission denied for database "alpha"
      control without the REVOKE: allowed in, which is what makes the refusals above mean something.
