
== the cluster, provisioned by templates/compose/postgres/initdb/10-cluster.sh ==
     [cluster] provisioning alpha
     [cluster] alpha: CREATE EXTENSION IF NOT EXISTS vector
     [cluster] provisioning beta
     [cluster] beta: CREATE EXTENSION IF NOT EXISTS vector
     [cluster] done: 2 service database(s), an owner and a non-owner login role each, PUBLIC holds CONNECT on none of them

== assertion 0: the topology the templates require is present
   topology: 2 databases, 2 owner roles, 2 non-owner LOGIN roles, membership in one direction only

== applying templates/database/tenancy/substrate.sql, as the OWNER role
   installed: schema cafaye, current_account_id/0, begin_account/1, protect_table/2, unprotected_tables/0

== assertion 0b: an adopter's fixture schema is present, and out of the sweep's scope
   2 unprotected account-scoped tables in kit_neighbour_fixture, and the sweep names neither.
   identity's whole-suite failure was exactly this, with the count moving per run.

== assertion 1: every assertion in templates/database/tenancy/isolation.sql passes
   39 assertions, all pass

== assertion 4: the proof returns EXACTLY the assertions assertions.txt names
   39 assertions, named identically in both files

== assertion 2: the CONTROL — same proof, FORCE ROW LEVEL SECURITY removed
   without FORCE: 11 assertion(s) red, every one of them an owner/ or sweep/ assertion
   with FORCE:    0 red
   the login-role half stayed green throughout, which is what makes this specific:
   an isolation suite written only against the application role passes on a
   template with no FORCE at all.

== assertion 5: the sweep still names an unprotected table in a schema the substrate OWNS
