Timing is off.
psql:DROP SCHEMA
/measure.sql:3: NOTICE:  schema "m" does not exist, skipping
CREATE SCHEMA
CREATE TABLE
INSERT 0 2
CREATE TABLE
CREATE TABLE
CREATE ROLE
GRANT
GRANT
GRANT
CREATE FUNCTION
ALTER TABLE
CREATE POLICY
ALTER TABLE
CREATE POLICY
=== Q1: pg_depend rows for the POLICY objects (classid pg_policy) ===
  classid  | objid | objsubid | refclassid | refobjid | deptype 
-----------+-------+----------+------------+----------+---------
 pg_policy | 16404 |        0 | pg_proc    |    16403 | n
 pg_policy | 16404 |        0 | pg_class   |    16392 | a
 pg_policy | 16405 |        0 | pg_class   |    16386 | n
 pg_policy | 16405 |        0 | pg_class   |    16397 | a
(4 rows)

=== Q2: pg_depend rows for the FUNCTION (classid pg_proc) ===
 classid | objid | objsubid |  refclassid  | refobjid | deptype | referenced_relation 
---------+-------+----------+--------------+----------+---------+---------------------
 pg_proc | 16403 |        0 | pg_namespace |    16385 | n       | 
(1 row)

=== Q3: does pg_depend ANYWHERE name m.flags from something owned by the function? ===
    classid    | objid | refclassid | refobjid | deptype 
---------------+-------+------------+----------+---------
 pg_type       | 16388 | pg_class   |    16386 | i
 pg_attrdef    | 16389 | pg_class   |    16386 | a
 pg_constraint | 16391 | pg_class   |    16386 | a
 pg_policy     | 16405 | pg_class   |    16386 | n
(4 rows)

=== Q4: the whole pg_depend tree reachable from the policy, transitively ===
psql:/measure.sql:70: ERROR:  column e.deptype does not exist
LINE 14: ...  e.refclassid::regclass as to_class, e.refobjid, e.deptype,
                                                              ^
HINT:  Perhaps you meant to reference the column "e.depth".
