=== Q4: the whole pg_depend tree reachable from the policy, transitively ===
 depth | from_class | objid | to_class | refobjid | deptype | ref_name 
-------+------------+-------+----------+----------+---------+----------
     1 | pg_policy  | 16404 | pg_class |    16392 | a       | doc
     1 | pg_policy  | 16404 | pg_proc  |    16403 | n       | can_read
(2 rows)

=== Q5: prosrc — where the body->relation edge lives for a STRING body ===
 proname  | prosecdef |                           prosrc                           
----------+-----------+------------------------------------------------------------
 can_read | t         |  select exists (select 1 from m.flags f where f.is_admin) 
(1 row)

=== Q8: THE VARIANT. Same helper written as BEGIN ATOMIC (PG14+ parses it). ===
CREATE FUNCTION
 classid |  refclassid  | refobjid | deptype | referenced_relation 
---------+--------------+----------+---------+---------------------
 pg_proc | pg_class     |    16386 | n       | flags
 pg_proc | pg_namespace |    16385 | n       | 
(2 rows)

=== Q9: is prosrc still the source of truth for the ATOMIC body? ===
     proname     | prosrc 
-----------------+--------
 can_read_atomic | 
(1 row)

=== Q10: a plpgsql helper, for the third body kind ===
CREATE FUNCTION
 classid |  refclassid  | refobjid | deptype | referenced_relation 
---------+--------------+----------+---------+---------------------
 pg_proc | pg_language  |    13637 | n       | 
 pg_proc | pg_namespace |    16385 | n       | 
(2 rows)

=== Q11: does the advisor rule 4 see either helper? (the defect, stated) ===
    polname     | rule4_fires 
----------------+-------------
 ctrl_direct    | t
 doc_via_helper | f
(2 rows)

=== Q12: the ONLY pg_proc row the policy carries — and what it would cost to follow ===
    polname     | policy_oid | function_oid | proname  | prosecdef | language | has_probin | prosrc_has_text 
----------------+------------+--------------+----------+-----------+----------+------------+-----------------
 doc_via_helper |      16404 |        16403 | can_read | t         | 14       | f          | t
(1 row)

