breakage 103 measured by hand, per AGENTS.md's rule that a BOUND self_test
is a gate to run BY HAND rather than a gate to report.

MUTATION: the ownership-by-namespace block in emit_verify, deleted and
nothing else. Verified by the line number in the copy:

  $ grep -n 'if false; then # 103 removed' $D/docker/provenance.sh
  489:  if false; then # 103 removed

MUTATED COPY -- the check must go RED, naming the namespace refusal:

  $ bash tests/provenance_test.sh   # in the mutated copy
  FAIL verify/D2a a stamp in kit's own grammar but with NO kit namespace is refused: exited 0, want 6 -- [provenance: inheritshape
  FAIL verify/D2b and the refusal is the NAMESPACE one, not shape and not the warning: exited 0, want 6 -- [provenance: inheritshape
  44 passed, 2 failed, 0 skipped

SAME COPY, UNMUTATED -- the control, which a breakage that proves nothing cannot omit:

  $ cp docker/provenance.sh $D/docker/provenance.sh; bash tests/provenance_test.sh
  46 passed, 0 failed, 0 skipped

AND THE SUITE ON AN UNMUTATED TREE:

  $ bash tests/provenance_test.sh
  46 passed, 0 failed, 0 skipped

AND THE CHECK THROUGH THE GATE, WHICH IS WHAT self_test ACTUALLY RUNS:

  $ bash tests/validate.sh --static-only --only=tests/provenance_test.sh
  note: FILTERED run -- 1 check(s) ran, 94 excluded
  PASS: every check passed.
